Starting CAP Project Generator...
Using @sap/cds-dk [10.0.7] from /extbin/globals/bun/global/install/node_modules/@sap/cds-dk
Using @sap/generator-cap-project [2.1.3] from [/extbin/globals/bun/global/install/node_modules/@sap/generator-cap-project]
Using root path [/home/user/projects]

Creating project with destination, html5-repo, mta, nodejs, postgres, tiny-sample, xsuaa

Adding facet: nodejs
Adding facet: mta
Adding facet: tiny-sample
Adding facet: xsuaa
Adding facet: postgres
Adding facet: destination
Adding facet: html5-repo

Successfully initialized CAP project
Continue with: code ai-enablement-dashboard 


Installing dependencies...

added 93 packages, and audited 205 packages in 4s

34 packages are looking for funding
  run `npm fund` for details

found 0 vulnerabilities

Finished installing dependencies

Done setting up project ai-enablement-dashboard
Project is ready to use

